{"time":"2026-08-13T14:55:20.182323318+03:00","level":"INFO","msg":"relay starting","addr":":8080"}
{"time":"2026-08-13T14:55:50.898584676+03:00","level":"INFO","msg":"request","method":"GET","path":"/health","duration":"86.466µs"}
{"time":"2026-08-13T14:56:00.081426592+03:00","level":"INFO","msg":"request","method":"GET","path":"/health","duration":"3.456181ms"}
{"time":"2026-08-13T14:56:00.310013905+03:00","level":"INFO","msg":"request","method":"GET","path":"/echo","duration":"920.81µs"}
2026/08/13 14:56:05 traces export: context deadline exceeded: rpc error: code = Unavailable desc = connection error: desc = "transport: Error while dialing: dial tcp 127.0.0.1:4317: connect: connection refused"
2026/08/13 14:56:20 traces export: context deadline exceeded: rpc error: code = Unavailable desc = connection error: desc = "transport: Error while dialing: dial tcp 127.0.0.1:4317: connect: connection refused"
{"time":"2026-08-13T14:56:22.926332875+03:00","level":"INFO","msg":"request","method":"GET","path":"/health","duration":"683.204µs"}
{"time":"2026-08-13T14:56:23.248643198+03:00","level":"INFO","msg":"request","method":"GET","path":"/echo","duration":"401.737µs"}
2026/08/13 14:56:35 traces export: context deadline exceeded: rpc error: code = Unavailable desc = connection error: desc = "transport: Error while dialing: dial tcp 127.0.0.1:4317: connect: connection refused"
{"time":"2026-08-13T14:56:41.533239944+03:00","level":"INFO","msg":"request","method":"GET","path":"/echo","duration":"588.916µs"}
{"time":"2026-08-13T14:56:41.550032714+03:00","level":"INFO","msg":"request","method":"GET","path":"/echo","duration":"339.576µs"}
{"time":"2026-08-13T14:56:41.56043031+03:00","level":"INFO","msg":"request","method":"GET","path":"/echo","duration":"563.144µs"}
{"time":"2026-08-13T14:56:41.570286693+03:00","level":"INFO","msg":"request","method":"GET","path":"/echo","duration":"311.15µs"}
{"time":"2026-08-13T14:56:41.584206261+03:00","level":"INFO","msg":"request","method":"GET","path":"/echo","duration":"821.284µs"}
{"time":"2026-08-13T14:56:41.593317+03:00","level":"INFO","msg":"request","method":"GET","path":"/echo","duration":"435.401µs"}
{"time":"2026-08-13T14:56:41.602781145+03:00","level":"INFO","msg":"request","method":"GET","path":"/echo","duration":"543.588µs"}
{"time":"2026-08-13T14:56:41.61199148+03:00","level":"INFO","msg":"request","method":"GET","path":"/echo","duration":"356.688µs"}
{"time":"2026-08-13T14:56:41.627369859+03:00","level":"INFO","msg":"request","method":"GET","path":"/echo","duration":"734.958µs"}
{"time":"2026-08-13T14:56:41.637995422+03:00","level":"INFO","msg":"request","method":"GET","path":"/echo","duration":"295.715µs"}
{"time":"2026-08-13T14:56:41.647638924+03:00","level":"INFO","msg":"request","method":"GET","path":"/echo","duration":"764.292µs"}
{"time":"2026-08-13T14:56:41.663704977+03:00","level":"INFO","msg":"request","method":"GET","path":"/echo","duration":"391.121µs"}
{"time":"2026-08-13T14:56:41.672932982+03:00","level":"INFO","msg":"request","method":"GET","path":"/echo","duration":"528.781µs"}
{"time":"2026-08-13T14:56:41.681994133+03:00","level":"INFO","msg":"request","method":"GET","path":"/echo","duration":"339.647µs"}
{"time":"2026-08-13T14:56:41.691345062+03:00","level":"INFO","msg":"request","method":"GET","path":"/echo","duration":"518.305µs"}
{"time":"2026-08-13T14:56:41.700474658+03:00","level":"INFO","msg":"request","method":"GET","path":"/echo","duration":"301.302µs"}
{"time":"2026-08-13T14:56:41.709533783+03:00","level":"INFO","msg":"request","method":"GET","path":"/echo","duration":"527.385µs"}
{"time":"2026-08-13T14:56:41.718879125+03:00","level":"INFO","msg":"request","method":"GET","path":"/echo","duration":"453.491µs"}
{"time":"2026-08-13T14:56:41.727828177+03:00","level":"INFO","msg":"request","method":"GET","path":"/echo","duration":"489.39µs"}
{"time":"2026-08-13T14:56:41.736217229+03:00","level":"INFO","msg":"request","method":"GET","path":"/echo","duration":"362.974µs"}
{"time":"2026-08-13T14:56:41.745373785+03:00","level":"INFO","msg":"request","method":"GET","path":"/echo","duration":"467.738µs"}
{"time":"2026-08-13T14:56:41.754335828+03:00","level":"INFO","msg":"request","method":"GET","path":"/echo","duration":"388.886µs"}
{"time":"2026-08-13T14:56:41.767211244+03:00","level":"INFO","msg":"request","method":"GET","path":"/echo","duration":"4.16369ms"}
{"time":"2026-08-13T14:56:41.775598339+03:00","level":"INFO","msg":"request","method":"GET","path":"/echo","duration":"354.453µs"}
{"time":"2026-08-13T14:56:41.784234844+03:00","level":"INFO","msg":"request","method":"GET","path":"/echo","duration":"491.205µs"}
{"time":"2026-08-13T14:56:41.793232158+03:00","level":"INFO","msg":"request","method":"GET","path":"/echo","duration":"388.536µs"}
{"time":"2026-08-13T14:56:41.802400588+03:00","level":"INFO","msg":"request","method":"GET","path":"/echo","duration":"548.896µs"}
{"time":"2026-08-13T14:56:41.810953281+03:00","level":"INFO","msg":"request","method":"GET","path":"/echo","duration":"442.036µs"}
{"time":"2026-08-13T14:56:41.819935369+03:00","level":"INFO","msg":"request","method":"GET","path":"/echo","duration":"483.313µs"}
{"time":"2026-08-13T14:56:41.828406835+03:00","level":"INFO","msg":"request","method":"GET","path":"/echo","duration":"363.812µs"}
{"time":"2026-08-13T14:56:41.837077144+03:00","level":"INFO","msg":"request","method":"GET","path":"/echo","duration":"678.804µs"}
{"time":"2026-08-13T14:56:41.845591634+03:00","level":"INFO","msg":"request","method":"GET","path":"/echo","duration":"379.387µs"}
{"time":"2026-08-13T14:56:41.85467213+03:00","level":"INFO","msg":"request","method":"GET","path":"/echo","duration":"490.018µs"}
{"time":"2026-08-13T14:56:41.86402739+03:00","level":"INFO","msg":"request","method":"GET","path":"/echo","duration":"287.264µs"}
{"time":"2026-08-13T14:56:41.873286545+03:00","level":"INFO","msg":"request","method":"GET","path":"/echo","duration":"654.848µs"}
{"time":"2026-08-13T14:56:41.881613995+03:00","level":"INFO","msg":"request","method":"GET","path":"/echo","duration":"361.437µs"}
{"time":"2026-08-13T14:56:41.890688136+03:00","level":"INFO","msg":"request","method":"GET","path":"/echo","duration":"517.187µs"}
{"time":"2026-08-13T14:56:41.899472778+03:00","level":"INFO","msg":"request","method":"GET","path":"/echo","duration":"378.48µs"}
{"time":"2026-08-13T14:56:41.908640579+03:00","level":"INFO","msg":"request","method":"GET","path":"/echo","duration":"635.362µs"}
{"time":"2026-08-13T14:56:41.92272819+03:00","level":"INFO","msg":"request","method":"GET","path":"/echo","duration":"288.661µs"}
{"time":"2026-08-13T14:56:41.938159161+03:00","level":"INFO","msg":"request","method":"GET","path":"/echo","duration":"624.536µs"}
{"time":"2026-08-13T14:56:41.947761594+03:00","level":"INFO","msg":"request","method":"GET","path":"/echo","duration":"341.672µs"}
{"time":"2026-08-13T14:56:41.962048258+03:00","level":"INFO","msg":"request","method":"GET","path":"/echo","duration":"541.144µs"}
{"time":"2026-08-13T14:56:41.977014074+03:00","level":"INFO","msg":"request","method":"GET","path":"/echo","duration":"366.815µs"}
{"time":"2026-08-13T14:56:41.9868736+03:00","level":"INFO","msg":"request","method":"GET","path":"/echo","duration":"603.443µs"}
{"time":"2026-08-13T14:56:41.995732485+03:00","level":"INFO","msg":"request","method":"GET","path":"/echo","duration":"497.422µs"}
{"time":"2026-08-13T14:56:42.00433351+03:00","level":"INFO","msg":"request","method":"GET","path":"/echo","duration":"580.954µs"}
{"time":"2026-08-13T14:56:42.012631276+03:00","level":"INFO","msg":"request","method":"GET","path":"/echo","duration":"321.976µs"}
{"time":"2026-08-13T14:56:42.02240706+03:00","level":"INFO","msg":"request","method":"GET","path":"/echo","duration":"741.593µs"}
{"time":"2026-08-13T14:56:42.03133928+03:00","level":"INFO","msg":"request","method":"GET","path":"/echo","duration":"369.889µs"}
{"time":"2026-08-13T14:56:42.040109954+03:00","level":"INFO","msg":"request","method":"GET","path":"/echo","duration":"485.409µs"}
{"time":"2026-08-13T14:56:42.048483779+03:00","level":"INFO","msg":"request","method":"GET","path":"/echo","duration":"309.963µs"}
{"time":"2026-08-13T14:56:42.057771431+03:00","level":"INFO","msg":"request","method":"GET","path":"/echo","duration":"574.179µs"}
{"time":"2026-08-13T14:56:42.072736968+03:00","level":"INFO","msg":"request","method":"GET","path":"/echo","duration":"461.942µs"}
{"time":"2026-08-13T14:56:42.081903232+03:00","level":"INFO","msg":"request","method":"GET","path":"/echo","duration":"751.65µs"}
{"time":"2026-08-13T14:56:42.090854589+03:00","level":"INFO","msg":"request","method":"GET","path":"/echo","duration":"411.655µs"}
{"time":"2026-08-13T14:56:42.100322994+03:00","level":"INFO","msg":"request","method":"GET","path":"/echo","duration":"685.23µs"}
{"time":"2026-08-13T14:56:42.108883929+03:00","level":"INFO","msg":"request","method":"GET","path":"/echo","duration":"295.087µs"}
{"time":"2026-08-13T14:56:42.123403449+03:00","level":"INFO","msg":"request","method":"GET","path":"/echo","duration":"654.359µs"}
{"time":"2026-08-13T14:56:42.132839936+03:00","level":"INFO","msg":"request","method":"GET","path":"/echo","duration":"378.479µs"}
2026/08/13 14:56:55 traces export: context deadline exceeded: rpc error: code = Unavailable desc = connection error: desc = "transport: Error while dialing: dial tcp 127.0.0.1:4317: connect: connection refused"
